// Jest Snapshot v1, https://goo.gl/fbAQLP

exports[`<Footer /> should render correctly 1`] = `
<DocumentFragment>
  <footer
    class="sc-kbhJrz cXULnQ"
  >
    <div
      class="sc-ehixzo caWzFq"
    >
      <div
        class="sc-hwdzOV dWTbHq"
      >
        <div
          class="sc-krNlru hsUfLc"
        >
          <ul
            class="sc-kdBSHD cHWVcp"
          >
            <li
              class="sc-lcIPJg ddQxr"
            >
              <a
                class="sc-jEACwC gTqerM sc-jxOSlx chCOhz"
                href="/"
              >
                <span
                  class="sc-aXZVg sc-cWSHoV sc-eBMEME fkLQVn haQwBU izdRIm"
                >
                  <svg
                    focusable="false"
                    role="img"
                    viewBox="0 0 32 32"
                    xmlns="http://www.w3.org/2000/svg"
                  >
                    <path
                      d="m9.757 32-2.9-2.91L19.937 16 6.857 2.91 9.757 0l16 16z"
                      fill-rule="evenodd"
                    />
                  </svg>
                </span>
                <span
                  class="sc-fhzFiK iRpqvs"
                >
                  Het register biedt geen compleet overzicht van alle slimme apparaten. Registratie van slimme apparaten in het register is niet verplicht, maar wordt wel gevraagd.
                </span>
              </a>
            </li>
            <li
              class="sc-lcIPJg ddQxr"
            >
              <a
                class="sc-jEACwC gTqerM sc-jxOSlx chCOhz"
                href="/"
              >
                <span
                  class="sc-aXZVg sc-cWSHoV sc-eBMEME fkLQVn haQwBU izdRIm"
                >
                  <svg
                    focusable="false"
                    role="img"
                    viewBox="0 0 32 32"
                    xmlns="http://www.w3.org/2000/svg"
                  >
                    <path
                      d="m9.757 32-2.9-2.91L19.937 16 6.857 2.91 9.757 0l16 16z"
                      fill-rule="evenodd"
                    />
                  </svg>
                </span>
                <span
                  class="sc-fhzFiK iRpqvs"
                >
                  De "slimme apparaten" in het register zijn van diverse organisaties.
                </span>
              </a>
            </li>
            <li
              class="sc-lcIPJg ddQxr"
            >
              <a
                class="sc-jEACwC gTqerM sc-jxOSlx chCOhz"
                href="/"
              >
                <span
                  class="sc-aXZVg sc-cWSHoV sc-eBMEME fkLQVn haQwBU izdRIm"
                >
                  <svg
                    focusable="false"
                    role="img"
                    viewBox="0 0 32 32"
                    xmlns="http://www.w3.org/2000/svg"
                  >
                    <path
                      d="m9.757 32-2.9-2.91L19.937 16 6.857 2.91 9.757 0l16 16z"
                      fill-rule="evenodd"
                    />
                  </svg>
                </span>
                <span
                  class="sc-fhzFiK iRpqvs"
                >
                  De gegevens van de eigenaar van het slimme apparaat worden niet getoond i.v.m. privacy.
                </span>
              </a>
            </li>
            <li
              class="sc-lcIPJg ddQxr"
            >
              <a
                class="sc-jEACwC gTqerM sc-jxOSlx chCOhz"
                href="/"
              >
                <span
                  class="sc-aXZVg sc-cWSHoV sc-eBMEME fkLQVn haQwBU izdRIm"
                >
                  <svg
                    focusable="false"
                    role="img"
                    viewBox="0 0 32 32"
                    xmlns="http://www.w3.org/2000/svg"
                  >
                    <path
                      d="m9.757 32-2.9-2.91L19.937 16 6.857 2.91 9.757 0l16 16z"
                      fill-rule="evenodd"
                    />
                  </svg>
                </span>
                <span
                  class="sc-fhzFiK iRpqvs"
                >
                  De eigenaar bepaalt of hij reageert; hij is dat niet verplicht.
                </span>
              </a>
            </li>
            <li
              class="sc-lcIPJg ddQxr"
            >
              <a
                class="sc-jEACwC gTqerM sc-jxOSlx chCOhz"
                href="/"
              >
                <span
                  class="sc-aXZVg sc-cWSHoV sc-eBMEME fkLQVn haQwBU izdRIm"
                >
                  <svg
                    focusable="false"
                    role="img"
                    viewBox="0 0 32 32"
                    xmlns="http://www.w3.org/2000/svg"
                  >
                    <path
                      d="m9.757 32-2.9-2.91L19.937 16 6.857 2.91 9.757 0l16 16z"
                      fill-rule="evenodd"
                    />
                  </svg>
                </span>
                <span
                  class="sc-fhzFiK iRpqvs"
                >
                  Uw mail wordt niet gearchiveerd in het register. Ook uw persoonlijke gegevens worden niet geregistreerd in het register.
                </span>
              </a>
            </li>
            <li
              class="sc-lcIPJg ddQxr"
            >
              <a
                class="sc-jEACwC gTqerM sc-jxOSlx chCOhz"
                href="/"
              >
                <span
                  class="sc-aXZVg sc-cWSHoV sc-eBMEME fkLQVn haQwBU izdRIm"
                >
                  <svg
                    focusable="false"
                    role="img"
                    viewBox="0 0 32 32"
                    xmlns="http://www.w3.org/2000/svg"
                  >
                    <path
                      d="m9.757 32-2.9-2.91L19.937 16 6.857 2.91 9.757 0l16 16z"
                      fill-rule="evenodd"
                    />
                  </svg>
                </span>
                <span
                  class="sc-fhzFiK iRpqvs"
                >
                  De gegevens van de apparaten in het register worden overgenomen van de eigenaar. Die is verantwoordelijk voor de juistheid en volledigheid van de gegevens.
                </span>
              </a>
            </li>
            <li
              class="sc-lcIPJg ddQxr"
            >
              <a
                class="sc-jEACwC gTqerM sc-jxOSlx chCOhz"
                href="/"
              >
                <span
                  class="sc-aXZVg sc-cWSHoV sc-eBMEME fkLQVn haQwBU izdRIm"
                >
                  <svg
                    focusable="false"
                    role="img"
                    viewBox="0 0 32 32"
                    xmlns="http://www.w3.org/2000/svg"
                  >
                    <path
                      d="m9.757 32-2.9-2.91L19.937 16 6.857 2.91 9.757 0l16 16z"
                      fill-rule="evenodd"
                    />
                  </svg>
                </span>
                <span
                  class="sc-fhzFiK iRpqvs"
                >
                  OIS, onderdeel van Gemeente Amsterdam, kan niet aansprakelijk worden gesteld voor de juistheid, volledigheid en actualiteit van de website. De Gemeente Amsterdam, OIS kan in het bijzonder niet aansprakelijk worden gesteld voor eventuele schade of consequenties ontstaan door direct of indirect gebruik van de inhoud van de website.
                </span>
              </a>
            </li>
          </ul>
        </div>
      </div>
    </div>
  </footer>
</DocumentFragment>
`;
